[2026-07-31 14:12:45] === QQQ 15m ORB paper | equity $10,000.00 | activate 2.0R risk 1% ===
[2026-07-31 14:12:45]   ENTER SHORT @ 701.78  qty 26.5  stop 705.55
[2026-07-31 14:12:45]   EXIT EOD @ 695.99  PnL +146.14  equity 10146.14  (WR 1/1)
[2026-07-31 14:12:45]   ENTER LONG @ 707.13  qty 37.0  stop 704.39
[2026-07-31 14:12:45]   EXIT EOD @ 708.95  PnL +56.92  equity 10203.06  (WR 2/2)
[2026-07-31 14:12:45]   ENTER LONG @ 705.90  qty 45.1  stop 703.64
[2026-07-31 14:12:45]   EXIT EOD @ 705.27  PnL -41.19  equity 10161.87  (WR 2/3)
[2026-07-31 14:12:45]   ENTER SHORT @ 693.21  qty 18.6  stop 698.66
[2026-07-31 14:12:45]   EXIT EOD @ 691.92  PnL +18.88  equity 10180.75  (WR 3/4)
[2026-07-31 14:12:45]   ENTER SHORT @ 688.50  qty 25.8  stop 692.45
[2026-07-31 14:12:45]   EXIT stop @ 692.45  PnL -108.91  equity 10071.85  (WR 3/5)
[2026-07-31 14:12:45]   ENTER SHORT @ 687.74  qty 22.3  stop 692.26
[2026-07-31 14:12:45]   EXIT EOD @ 682.06  PnL +120.44  equity 10192.28  (WR 4/6)
[2026-07-31 14:12:45]   ENTER SHORT @ 670.83  qty 15.8  stop 677.30
[2026-07-31 14:12:45]   EXIT stop @ 677.30  PnL -106.15  equity 10086.13  (WR 4/7)
[2026-07-31 14:12:45]   ENTER SHORT @ 673.62  qty 26.3  stop 677.46
[2026-07-31 14:12:45]   EXIT stop @ 673.62  PnL -7.08  equity 10079.06  (WR 4/8)
[2026-07-31 14:12:45]   ENTER LONG @ 677.69  qty 23.0  stop 673.30
[2026-07-31 14:12:45]   EXIT EOD @ 683.60  PnL +129.46  equity 10208.52  (WR 5/9)
[2026-07-31 16:13:05] === QQQ 15m ORB paper | equity $10,208.52 | activate 2.0R risk 1% ===
[2026-07-31 17:54:01] === QQQ 15m ORB paper | equity $10,208.52 | activate 2.0R risk 1% ===
[2026-07-31 19:16:56] === QQQ 15m ORB paper | equity $10,208.52 | activate 2.0R risk 1% ===
[2026-07-31 20:41:28] === QQQ 15m ORB paper | equity $10,208.52 | activate 2.0R risk 1% ===
