[2026-07-31 14:12:43] === QQQ 1h ORB paper | equity $10,000.00 | activate 2.0R risk 1% ===
[2026-07-31 14:12:43]   ENTER LONG @ 724.84  qty 15.7  stop 718.48
[2026-07-31 14:12:43]   EXIT EOD @ 722.65  PnL -38.94  equity 9961.06  (WR 0/1)
[2026-07-31 14:12:43]   ENTER SHORT @ 706.08  qty 9.7  stop 716.34
[2026-07-31 14:12:43]   EXIT EOD @ 709.38  PnL -34.78  equity 9926.27  (WR 0/2)
[2026-07-31 14:12:43]   ENTER SHORT @ 704.94  qty 20.4  stop 709.80
[2026-07-31 14:12:43]   EXIT stop @ 709.80  PnL -105.02  equity 9821.25  (WR 0/3)
[2026-07-31 14:12:43]   ENTER LONG @ 722.75  qty 12.9  stop 715.12
[2026-07-31 14:12:43]   EXIT EOD @ 723.18  PnL +1.81  equity 9823.07  (WR 1/4)
[2026-07-31 14:12:43]   ENTER LONG @ 724.04  qty 23.3  stop 719.83
[2026-07-31 14:12:43]   EXIT EOD @ 725.53  PnL +28.01  equity 9851.08  (WR 2/5)
[2026-07-31 14:12:43]   ENTER SHORT @ 712.56  qty 16.8  stop 718.43
[2026-07-31 14:12:43]   EXIT EOD @ 711.72  PnL +9.31  equity 9860.39  (WR 3/6)
[2026-07-31 14:12:43]   ENTER LONG @ 720.29  qty 16.6  stop 714.34
[2026-07-31 14:12:43]   EXIT EOD @ 719.68  PnL -14.83  equity 9845.56  (WR 3/7)
[2026-07-31 14:12:43]   ENTER SHORT @ 716.21  qty 12.1  stop 724.35
[2026-07-31 14:12:43]   EXIT EOD @ 717.69  PnL -21.40  equity 9824.16  (WR 3/8)
[2026-07-31 14:12:43]   ENTER SHORT @ 707.00  qty 14.9  stop 713.59
[2026-07-31 14:12:43]   EXIT EOD @ 706.02  PnL +10.39  equity 9834.54  (WR 4/9)
[2026-07-31 14:12:43]   ENTER SHORT @ 698.91  qty 14.3  stop 705.80
[2026-07-31 14:12:43]   EXIT EOD @ 695.99  PnL +37.69  equity 9872.23  (WR 5/10)
[2026-07-31 14:12:43]   ENTER LONG @ 707.13  qty 22.9  stop 702.81
[2026-07-31 14:12:43]   EXIT EOD @ 708.95  PnL +35.13  equity 9907.36  (WR 6/11)
[2026-07-31 14:12:43]   ENTER LONG @ 708.24  qty 21.5  stop 703.64
[2026-07-31 14:12:43]   EXIT EOD @ 705.27  PnL -70.07  equity 9837.29  (WR 6/12)
[2026-07-31 14:12:43]   ENTER SHORT @ 693.21  qty 18.1  stop 698.66
[2026-07-31 14:12:43]   EXIT EOD @ 691.92  PnL +18.28  equity 9855.57  (WR 7/13)
[2026-07-31 14:12:43]   ENTER SHORT @ 684.86  qty 13.0  stop 692.45
[2026-07-31 14:12:43]   EXIT stop @ 692.45  PnL -102.11  equity 9753.46  (WR 7/14)
[2026-07-31 14:12:43]   ENTER SHORT @ 679.27  qty 7.5  stop 692.26
[2026-07-31 14:12:43]   EXIT EOD @ 682.06  PnL -22.99  equity 9730.47  (WR 7/15)
[2026-07-31 14:12:43]   ENTER SHORT @ 666.48  qty 8.9  stop 677.46
[2026-07-31 14:12:43]   EXIT stop @ 677.46  PnL -99.67  equity 9630.80  (WR 7/16)
[2026-07-31 16:13:03] === QQQ 1h ORB paper | equity $9,630.80 | activate 2.0R risk 1% ===
