[2026-07-31 14:12:45] === SPY 15m ORB paper | equity $10,000.00 | activate 2.0R risk 1% ===
[2026-07-31 14:12:45]   ENTER SHORT @ 746.80  qty 52.4  stop 748.71
[2026-07-31 14:12:45]   EXIT EOD @ 742.14  PnL +228.33  equity 10228.33  (WR 1/1)
[2026-07-31 14:12:45]   ENTER SHORT @ 744.27  qty 42.5  stop 746.68
[2026-07-31 14:12:45]   EXIT stop @ 746.68  PnL -114.92  equity 10113.41  (WR 1/2)
[2026-07-31 14:12:45]   ENTER LONG @ 747.70  qty 76.0  stop 746.37
[2026-07-31 14:12:45]   EXIT EOD @ 747.33  PnL -50.88  equity 10062.53  (WR 1/3)
[2026-07-31 14:12:45]   ENTER SHORT @ 738.47  qty 24.6  stop 742.56
[2026-07-31 14:12:45]   EXIT EOD @ 738.17  PnL +0.11  equity 10062.65  (WR 2/4)
[2026-07-31 14:12:45]   ENTER SHORT @ 738.42  qty 81.2  stop 739.66
[2026-07-31 14:12:45]   EXIT stop @ 739.66  PnL -124.60  equity 9938.05  (WR 2/5)
[2026-07-31 14:12:45]   ENTER SHORT @ 743.44  qty 47.5  stop 745.53
[2026-07-31 14:12:45]   EXIT EOD @ 739.02  PnL +196.03  equity 10134.08  (WR 3/6)
[2026-07-31 14:12:45]   ENTER SHORT @ 736.56  qty 34.7  stop 739.48
[2026-07-31 14:12:45]   EXIT stop @ 739.48  PnL -111.57  equity 10022.52  (WR 3/7)
[2026-07-31 14:12:45]   ENTER SHORT @ 738.72  qty 60.0  stop 740.39
[2026-07-31 14:12:45]   EXIT stop @ 735.38  PnL +182.72  equity 10205.23  (WR 4/8)
[2026-07-31 14:12:45]   ENTER LONG @ 736.79  qty 47.2  stop 734.63
[2026-07-31 14:12:45]   EXIT stop @ 734.63  PnL -115.98  equity 10089.26  (WR 4/9)
[2026-07-31 14:12:45]   ENTER SHORT @ 742.84  qty 29.2  stop 746.30
[2026-07-31 16:13:05] === SPY 15m ORB paper | equity $10,089.26 | activate 2.0R risk 1% ===
[2026-07-31 17:54:00] === SPY 15m ORB paper | equity $10,089.26 | activate 2.0R risk 1% ===
[2026-07-31 17:54:01]   EXIT stop @ 746.30  PnL -109.55  equity 9979.70  (WR 4/10)
[2026-07-31 19:16:55] === SPY 15m ORB paper | equity $9,979.70 | activate 2.0R risk 1% ===
[2026-07-31 20:41:28] === SPY 15m ORB paper | equity $9,979.70 | activate 2.0R risk 1% ===
[2026-07-31 21:46:05] === SPY 15m ORB paper | equity $9,979.70 | activate 2.0R risk 1% ===
