[2026-07-31 14:12:46] === DIA 15m ORB paper | equity $10,000.00 | activate 2.0R risk 1% ===
[2026-07-31 14:12:46]   ENTER SHORT @ 521.76  qty 61.0  stop 523.40
[2026-07-31 14:12:46]   EXIT EOD @ 517.91  PnL +222.03  equity 10222.03  (WR 1/1)
[2026-07-31 14:12:46]   ENTER LONG @ 520.16  qty 50.1  stop 518.12
[2026-07-31 14:12:46]   EXIT EOD @ 521.53  PnL +58.23  equity 10280.26  (WR 2/2)
[2026-07-31 14:12:46]   ENTER LONG @ 522.78  qty 58.7  stop 521.03
[2026-07-31 14:12:46]   EXIT EOD @ 521.49  PnL -88.07  equity 10192.19  (WR 2/3)
[2026-07-31 14:12:46]   ENTER SHORT @ 514.79  qty 30.2  stop 518.17
[2026-07-31 14:12:46]   EXIT EOD @ 516.22  PnL -49.33  equity 10142.86  (WR 2/4)
[2026-07-31 14:12:46]   ENTER LONG @ 517.96  qty 71.4  stop 516.54
[2026-07-31 14:12:46]   EXIT stop @ 516.54  PnL -116.23  equity 10026.63  (WR 2/5)
[2026-07-31 14:12:46]   ENTER SHORT @ 523.87  qty 68.2  stop 525.34
[2026-07-31 14:12:46]   EXIT EOD @ 521.33  PnL +158.95  equity 10185.58  (WR 3/6)
[2026-07-31 14:12:46]   ENTER LONG @ 526.20  qty 40.3  stop 523.67
[2026-07-31 14:12:46]   EXIT EOD @ 526.94  PnL +21.56  equity 10207.15  (WR 4/7)
[2026-07-31 14:12:46]   ENTER SHORT @ 522.03  qty 89.5  stop 523.17
[2026-07-31 14:12:46]   EXIT stop @ 519.75  PnL +185.44  equity 10392.59  (WR 5/8)
[2026-07-31 14:12:46]   ENTER SHORT @ 516.56  qty 43.7  stop 518.94
[2026-07-31 14:12:46]   EXIT stop @ 518.94  PnL -112.95  equity 10279.64  (WR 5/9)
[2026-07-31 14:12:46]   ENTER SHORT @ 522.13  qty 45.1  stop 524.41
[2026-07-31 16:13:06] === DIA 15m ORB paper | equity $10,279.64 | activate 2.0R risk 1% ===
[2026-07-31 17:54:02] === DIA 15m ORB paper | equity $10,279.64 | activate 2.0R risk 1% ===
[2026-07-31 17:54:02]   EXIT stop @ 524.41  PnL -112.21  equity 10167.43  (WR 5/10)
[2026-07-31 19:16:57] === DIA 15m ORB paper | equity $10,167.43 | activate 2.0R risk 1% ===
